Command line invocation:
    /Applications/Xcode-26.2.0.app/Contents/Developer/usr/bin/xcodebuild build -project Examples/NavigationXDemo/NavigationXDemo.xcodeproj -scheme NavigationXDemo -destination "platform=iOS Simulator,name=iPhone 16e"

Resolve Package Graph


Resolved source packages:
  NavigationX: /Users/mohamednassar/Documents/Xcode-Projects/NavigationBridge

ComputePackagePrebuildTargetDependencyGraph

Prepare packages

CreateBuildRequest

SendProjectDescription

CreateBuildOperation

ComputeTargetDependencyGraph
note: Building targets in dependency order
note: Target dependency graph (4 targets)
    Target 'NavigationXDemo' in project 'NavigationXDemo'
        ➜ Explicit dependency on target 'NavigationX' in project 'NavigationX'
    Target 'NavigationX' in project 'NavigationX'
        ➜ Explicit dependency on target 'NavigationX' in project 'NavigationX'
        ➜ Explicit dependency on target 'NavigationIntrospect' in project 'NavigationX'
    Target 'NavigationX' in project 'NavigationX'
        ➜ Explicit dependency on target 'NavigationIntrospect' in project 'NavigationX'
    Target 'NavigationIntrospect' in project 'NavigationX' (no dependencies)

GatherProvisioningInputs

CreateBuildDescription

ClangStatCache /Applications/Xcode-26.2.0.app/Contents/Developer/Toolchains/XcodeDefault.xctoolchain/usr/bin/clang-stat-cache /Applications/Xcode-26.2.0.app/Contents/Developer/Platforms/iPhoneSimulator.platform/Developer/SDKs/iPhoneSimulator26.2.sdk /Users/mohamednassar/Library/Developer/Xcode/DerivedData/SDKStatCaches.noindex/iphonesimulator26.2-23C53-396ea2e52eee30dc3ef691f54c5a881e.sdkstatcache
    cd /Users/mohamednassar/Documents/Xcode-Projects/NavigationBridge/Examples/NavigationXDemo/NavigationXDemo.xcodeproj
    /Applications/Xcode-26.2.0.app/Contents/Developer/Toolchains/XcodeDefault.xctoolchain/usr/bin/clang-stat-cache /Applications/Xcode-26.2.0.app/Contents/Developer/Platforms/iPhoneSimulator.platform/Developer/SDKs/iPhoneSimulator26.2.sdk -o /Users/mohamednassar/Library/Developer/Xcode/DerivedData/SDKStatCaches.noindex/iphonesimulator26.2-23C53-396ea2e52eee30dc3ef691f54c5a881e.sdkstatcache

SwiftDriver NavigationX normal arm64 com.apple.xcode.tools.swift.compiler (in target 'NavigationX' from project 'NavigationX')
    cd /Users/mohamednassar/Documents/Xcode-Projects/NavigationBridge/Examples/NavigationXDemo/NavigationXDemo.xcodeproj
    builtin-SwiftDriver -- /Applications/Xcode-26.2.0.app/Contents/Developer/Toolchains/XcodeDefault.xctoolchain/usr/bin/swiftc -module-name NavigationX -Onone -enforce-exclusivity\=checked @/Users/mohamednassar/Library/Developer/Xcode/DerivedData/NavigationXDemo-gnlcevcpscneusecxwyxzfgrqyok/Build/Intermediates.noindex/NavigationX.build/Debug-iphonesimulator/NavigationX.build/Objects-normal/arm64/NavigationX.SwiftFileList -DSWIFT_PACKAGE -DDEBUG -DSWIFT_MODULE_RESOURCE_BUNDLE_UNAVAILABLE -DXcode -enable-experimental-feature StrictConcurrency -plugin-path /Applications/Xcode-26.2.0.app/Contents/Developer/Toolchains/XcodeDefault.xctoolchain/usr/lib/swift/host/plugins/testing -enable-experimental-feature DebugDescriptionMacro -sdk /Applications/Xcode-26.2.0.app/Contents/Developer/Platforms/iPhoneSimulator.platform/Developer/SDKs/iPhoneSimulator26.2.sdk -target arm64-apple-ios16.0-simulator -g -module-cache-path /Users/mohamednassar/Library/Developer/Xcode/DerivedData/ModuleCache.noindex -Xfrontend -serialize-debugging-options -enable-testing -index-store-path /Users/mohamednassar/Library/Developer/Xcode/DerivedData/NavigationXDemo-gnlcevcpscneusecxwyxzfgrqyok/Index.noindex/DataStore -Xcc -D_LIBCPP_HARDENING_MODE\=_LIBCPP_HARDENING_MODE_DEBUG -swift-version 6 -I /Users/mohamednassar/Library/Developer/Xcode/DerivedData/NavigationXDemo-gnlcevcpscneusecxwyxzfgrqyok/Build/Products/Debug-iphonesimulator -Isystem /Applications/Xcode-26.2.0.app/Contents/Developer/Platforms/iPhoneSimulator.platform/Developer/usr/lib -F /Users/mohamednassar/Library/Developer/Xcode/DerivedData/NavigationXDemo-gnlcevcpscneusecxwyxzfgrqyok/Build/Products/Debug-iphonesimulator/PackageFrameworks -F /Users/mohamednassar/Library/Developer/Xcode/DerivedData/NavigationXDemo-gnlcevcpscneusecxwyxzfgrqyok/Build/Products/Debug-iphonesimulator -F /Applications/Xcode-26.2.0.app/Contents/Developer/Platforms/iPhoneSimulator.platform/Developer/Library/Frameworks -F /Applications/Xcode-26.2.0.app/Contents/Developer/Platforms/iPhoneSimulator.platform/Developer/SDKs/iPhoneSimulator26.2.sdk/Developer/Library/Frameworks -c -j8 -enable-batch-mode -incremental -Xcc -ivfsstatcache -Xcc /Users/mohamednassar/Library/Developer/Xcode/DerivedData/SDKStatCaches.noindex/iphonesimulator26.2-23C53-396ea2e52eee30dc3ef691f54c5a881e.sdkstatcache -output-file-map /Users/mohamednassar/Library/Developer/Xcode/DerivedData/NavigationXDemo-gnlcevcpscneusecxwyxzfgrqyok/Build/Intermediates.noindex/NavigationX.build/Debug-iphonesimulator/NavigationX.build/Objects-normal/arm64/NavigationX-OutputFileMap.json -use-frontend-parseable-output -save-temps -no-color-diagnostics -explicit-module-build -module-cache-path /Users/mohamednassar/Library/Developer/Xcode/DerivedData/NavigationXDemo-gnlcevcpscneusecxwyxzfgrqyok/Build/Intermediates.noindex/SwiftExplicitPrecompiledModules -clang-scanner-module-cache-path /Users/mohamednassar/Library/Developer/Xcode/DerivedData/ModuleCache.noindex -sdk-module-cache-path /Users/mohamednassar/Library/Developer/Xcode/DerivedData/ModuleCache.noindex -serialize-diagnostics -emit-dependencies -emit-module -emit-module-path /Users/mohamednassar/Library/Developer/Xcode/DerivedData/NavigationXDemo-gnlcevcpscneusecxwyxzfgrqyok/Build/Intermediates.noindex/NavigationX.build/Debug-iphonesimulator/NavigationX.build/Objects-normal/arm64/NavigationX.swiftmodule -validate-clang-modules-once -clang-build-session-file /Users/mohamednassar/Library/Developer/Xcode/DerivedData/ModuleCache.noindex/Session.modulevalidation -package-name navigationbridge -Xcc -I/Users/mohamednassar/Library/Developer/Xcode/DerivedData/NavigationXDemo-gnlcevcpscneusecxwyxzfgrqyok/Build/Intermediates.noindex/NavigationX.build/Debug-iphonesimulator/NavigationX.build/swift-overrides.hmap -emit-const-values -Xfrontend -const-gather-protocols-file -Xfrontend /Users/mohamednassar/Library/Developer/Xcode/DerivedData/NavigationXDemo-gnlcevcpscneusecxwyxzfgrqyok/Build/Intermediates.noindex/NavigationX.build/Debug-iphonesimulator/NavigationX.build/Objects-normal/arm64/NavigationX_const_extract_protocols.json -Xcc -I/Users/mohamednassar/Library/Developer/Xcode/DerivedData/NavigationXDemo-gnlcevcpscneusecxwyxzfgrqyok/Build/Products/Debug-iphonesimulator/include -Xcc -I/Users/mohamednassar/Library/Developer/Xcode/DerivedData/NavigationXDemo-gnlcevcpscneusecxwyxzfgrqyok/Build/Intermediates.noindex/NavigationX.build/Debug-iphonesimulator/NavigationX.build/DerivedSources-normal/arm64 -Xcc -I/Users/mohamednassar/Library/Developer/Xcode/DerivedData/NavigationXDemo-gnlcevcpscneusecxwyxzfgrqyok/Build/Intermediates.noindex/NavigationX.build/Debug-iphonesimulator/NavigationX.build/DerivedSources/arm64 -Xcc -I/Users/mohamednassar/Library/Developer/Xcode/DerivedData/NavigationXDemo-gnlcevcpscneusecxwyxzfgrqyok/Build/Intermediates.noindex/NavigationX.build/Debug-iphonesimulator/NavigationX.build/DerivedSources -Xcc -DSWIFT_PACKAGE -Xcc -DDEBUG\=1 -emit-objc-header -emit-objc-header-path /Users/mohamednassar/Library/Developer/Xcode/DerivedData/NavigationXDemo-gnlcevcpscneusecxwyxzfgrqyok/Build/Intermediates.noindex/NavigationX.build/Debug-iphonesimulator/NavigationX.build/Objects-normal/arm64/NavigationX-Swift.h -working-directory /Users/mohamednassar/Documents/Xcode-Projects/NavigationBridge/Examples/NavigationXDemo/NavigationXDemo.xcodeproj -experimental-emit-module-separately -disable-cmo
/Users/mohamednassar/Documents/Xcode-Projects/NavigationBridge/Sources/NavigationX/NavStack.swift:35:1: error: expected '}' in struct

^
/Users/mohamednassar/Documents/Xcode-Projects/NavigationBridge/Sources/NavigationX/NavStack.swift:6:42: note: to match this opening '{'
public struct NavStack<Root: View>: View {
                                         ^
/Users/mohamednassar/Documents/Xcode-Projects/NavigationBridge/Sources/NavigationX/NavStack.swift:35:1: error: Expected '}' in struct

^ (in target 'NavigationX' from project 'NavigationX')
/Users/mohamednassar/Documents/Xcode-Projects/NavigationBridge/Sources/NavigationX/NavStack.swift:6:42: note: To match this opening '{'
public struct NavStack<Root: View>: View {
                                         ^ (in target 'NavigationX' from project 'NavigationX')

** BUILD FAILED **


The following build commands failed:
	SwiftDriver NavigationX normal arm64 com.apple.xcode.tools.swift.compiler (in target 'NavigationX' from project 'NavigationX')
	Building project NavigationXDemo with scheme NavigationXDemo
(2 failures)
